Archive member included to satisfy reference by file (symbol)

d:/st/stm32cubeide_1.2.0/stm32cubeide/plugins/com.st.stm32cube.ide.mcu.externaltools.gnu-tools-for-stm32.7-2018-q2-update.win32_1.0.0.201904181610/tools/bin/../lib/gcc/arm-none-eabi/7.3.1/../../../../arm-none-eabi/lib/thumb/v7-m\libc_nano.a(lib_a-errno.o)
                              Core/Src/syscalls.o (__errno)
d:/st/stm32cubeide_1.2.0/stm32cubeide/plugins/com.st.stm32cube.ide.mcu.externaltools.gnu-tools-for-stm32.7-2018-q2-update.win32_1.0.0.201904181610/tools/bin/../lib/gcc/arm-none-eabi/7.3.1/../../../../arm-none-eabi/lib/thumb/v7-m\libc_nano.a(lib_a-exit.o)
                              d:/st/stm32cubeide_1.2.0/stm32cubeide/plugins/com.st.stm32cube.ide.mcu.externaltools.gnu-tools-for-stm32.7-2018-q2-update.win32_1.0.0.201904181610/tools/bin/../lib/gcc/arm-none-eabi/7.3.1/../../../../arm-none-eabi/lib/thumb/v7-m/crt0.o (exit)
d:/st/stm32cubeide_1.2.0/stm32cubeide/plugins/com.st.stm32cube.ide.mcu.externaltools.gnu-tools-for-stm32.7-2018-q2-update.win32_1.0.0.201904181610/tools/bin/../lib/gcc/arm-none-eabi/7.3.1/../../../../arm-none-eabi/lib/thumb/v7-m\libc_nano.a(lib_a-impure.o)
                              d:/st/stm32cubeide_1.2.0/stm32cubeide/plugins/com.st.stm32cube.ide.mcu.externaltools.gnu-tools-for-stm32.7-2018-q2-update.win32_1.0.0.201904181610/tools/bin/../lib/gcc/arm-none-eabi/7.3.1/../../../../arm-none-eabi/lib/thumb/v7-m\libc_nano.a(lib_a-exit.o) (_global_impure_ptr)
d:/st/stm32cubeide_1.2.0/stm32cubeide/plugins/com.st.stm32cube.ide.mcu.externaltools.gnu-tools-for-stm32.7-2018-q2-update.win32_1.0.0.201904181610/tools/bin/../lib/gcc/arm-none-eabi/7.3.1/../../../../arm-none-eabi/lib/thumb/v7-m\libc_nano.a(lib_a-init.o)
                              d:/st/stm32cubeide_1.2.0/stm32cubeide/plugins/com.st.stm32cube.ide.mcu.externaltools.gnu-tools-for-stm32.7-2018-q2-update.win32_1.0.0.201904181610/tools/bin/../lib/gcc/arm-none-eabi/7.3.1/../../../../arm-none-eabi/lib/thumb/v7-m/crt0.o (__libc_init_array)
d:/st/stm32cubeide_1.2.0/stm32cubeide/plugins/com.st.stm32cube.ide.mcu.externaltools.gnu-tools-for-stm32.7-2018-q2-update.win32_1.0.0.201904181610/tools/bin/../lib/gcc/arm-none-eabi/7.3.1/../../../../arm-none-eabi/lib/thumb/v7-m\libc_nano.a(lib_a-memset.o)
                              d:/st/stm32cubeide_1.2.0/stm32cubeide/plugins/com.st.stm32cube.ide.mcu.externaltools.gnu-tools-for-stm32.7-2018-q2-update.win32_1.0.0.201904181610/tools/bin/../lib/gcc/arm-none-eabi/7.3.1/../../../../arm-none-eabi/lib/thumb/v7-m/crt0.o (memset)

Allocating common symbols
Common symbol       size              file

uart1               0x3               User/Src/uart.o
uwTick              0x4               Drivers/STM32F1xx_HAL_Driver/Src/stm32f1xx_hal.o
pFlash              0x20              Drivers/STM32F1xx_HAL_Driver/Src/stm32f1xx_hal_flash.o
huart1              0x40              Core/Src/main.o
buffer              0x2               Core/Src/main.o
key                 0x38              User/Src/key_function.o
frame               0x2c              User/Src/uart.o
uart_frame_id       0x1               User/Src/uart.o
htim2               0x40              Core/Src/main.o

Discarded input sections

 .text          0x0000000000000000        0x0 d:/st/stm32cubeide_1.2.0/stm32cubeide/plugins/com.st.stm32cube.ide.mcu.externaltools.gnu-tools-for-stm32.7-2018-q2-update.win32_1.0.0.201904181610/tools/bin/../lib/gcc/arm-none-eabi/7.3.1/thumb/v7-m/crti.o
 .data          0x0000000000000000        0x0 d:/st/stm32cubeide_1.2.0/stm32cubeide/plugins/com.st.stm32cube.ide.mcu.externaltools.gnu-tools-for-stm32.7-2018-q2-update.win32_1.0.0.201904181610/tools/bin/../lib/gcc/arm-none-eabi/7.3.1/thumb/v7-m/crti.o
 .bss           0x0000000000000000        0x0 d:/st/stm32cubeide_1.2.0/stm32cubeide/plugins/com.st.stm32cube.ide.mcu.externaltools.gnu-tools-for-stm32.7-2018-q2-update.win32_1.0.0.201904181610/tools/bin/../lib/gcc/arm-none-eabi/7.3.1/thumb/v7-m/crti.o
 .data          0x0000000000000000        0x4 d:/st/stm32cubeide_1.2.0/stm32cubeide/plugins/com.st.stm32cube.ide.mcu.externaltools.gnu-tools-for-stm32.7-2018-q2-update.win32_1.0.0.201904181610/tools/bin/../lib/gcc/arm-none-eabi/7.3.1/thumb/v7-m/crtbegin.o
 .text          0x0000000000000000       0x74 d:/st/stm32cubeide_1.2.0/stm32cubeide/plugins/com.st.stm32cube.ide.mcu.externaltools.gnu-tools-for-stm32.7-2018-q2-update.win32_1.0.0.201904181610/tools/bin/../lib/gcc/arm-none-eabi/7.3.1/../../../../arm-none-eabi/lib/thumb/v7-m/crt0.o
 .data          0x0000000000000000        0x0 d:/st/stm32cubeide_1.2.0/stm32cubeide/plugins/com.st.stm32cube.ide.mcu.externaltools.gnu-tools-for-stm32.7-2018-q2-update.win32_1.0.0.201904181610/tools/bin/../lib/gcc/arm-none-eabi/7.3.1/../../../../arm-none-eabi/lib/thumb/v7-m/crt0.o
[...]
Memory Configuration

Name             Origin             Length             Attributes
RAM              0x0000000020000000 0x0000000000005000 xrw
FLASH            0x0000000008000000 0x0000000000010000 xr
*default*        0x0000000000000000 0xffffffffffffffff

Linker script and memory map

LOAD d:/st/stm32cubeide_1.2.0/stm32cubeide/plugins/com.st.stm32cube.ide.mcu.externaltools.gnu-tools-for-stm32.7-2018-q2-update.win32_1.0.0.201904181610/tools/bin/../lib/gcc/arm-none-eabi/7.3.1/thumb/v7-m/crti.o
LOAD d:/st/stm32cubeide_1.2.0/stm32cubeide/plugins/com.st.stm32cube.ide.mcu.externaltools.gnu-tools-for-stm32.7-2018-q2-update.win32_1.0.0.201904181610/tools/bin/../lib/gcc/arm-none-eabi/7.3.1/thumb/v7-m/crtbegin.o
LOAD d:/st/stm32cubeide_1.2.0/stm32cubeide/plugins/com.st.stm32cube.ide.mcu.externaltools.gnu-tools-for-stm32.7-2018-q2-update.win32_1.0.0.201904181610/tools/bin/../lib/gcc/arm-none-eabi/7.3.1/../../../../arm-none-eabi/lib/thumb/v7-m/crt0.o
LOAD Core/Src/main.o
LOAD Core/Src/stm32f1xx_hal_msp.o
LOAD Core/Src/stm32f1xx_it.o
LOAD Core/Src/syscalls.o
LOAD Core/Src/sysmem.o
LOAD Core/Src/system_stm32f1xx.o
LOAD Core/Startup/startup_stm32f103c8tx.o
LOAD Drivers/STM32F1xx_HAL_Driver/Src/stm32f1xx_hal.o
LOAD Drivers/STM32F1xx_HAL_Driver/Src/stm32f1xx_hal_cortex.o
LOAD Drivers/STM32F1xx_HAL_Driver/Src/stm32f1xx_hal_dma.o
LOAD Drivers/STM32F1xx_HAL_Driver/Src/stm32f1xx_hal_exti.o
LOAD Drivers/STM32F1xx_HAL_Driver/Src/stm32f1xx_hal_flash.o
LOAD Drivers/STM32F1xx_HAL_Driver/Src/stm32f1xx_hal_flash_ex.o
LOAD Drivers/STM32F1xx_HAL_Driver/Src/stm32f1xx_hal_gpio.o
LOAD Drivers/STM32F1xx_HAL_Driver/Src/stm32f1xx_hal_gpio_ex.o
LOAD Drivers/STM32F1xx_HAL_Driver/Src/stm32f1xx_hal_pwr.o
LOAD Drivers/STM32F1xx_HAL_Driver/Src/stm32f1xx_hal_rcc.o
LOAD Drivers/STM32F1xx_HAL_Driver/Src/stm32f1xx_hal_rcc_ex.o
LOAD Drivers/STM32F1xx_HAL_Driver/Src/stm32f1xx_hal_tim.o
LOAD Drivers/STM32F1xx_HAL_Driver/Src/stm32f1xx_hal_tim_ex.o
LOAD Drivers/STM32F1xx_HAL_Driver/Src/stm32f1xx_hal_uart.o
LOAD User/Src/key_function.o
LOAD User/Src/uart.o
START GROUP
LOAD d:/st/stm32cubeide_1.2.0/stm32cubeide/plugins/com.st.stm32cube.ide.mcu.externaltools.gnu-tools-for-stm32.7-2018-q2-update.win32_1.0.0.201904181610/tools/bin/../lib/gcc/arm-none-eabi/7.3.1/../../../../arm-none-eabi/lib/thumb/v7-m\libc_nano.a
LOAD d:/st/stm32cubeide_1.2.0/stm32cubeide/plugins/com.st.stm32cube.ide.mcu.externaltools.gnu-tools-for-stm32.7-2018-q2-update.win32_1.0.0.201904181610/tools/bin/../lib/gcc/arm-none-eabi/7.3.1/../../../../arm-none-eabi/lib/thumb/v7-m\libm.a
END GROUP
START GROUP
LOAD d:/st/stm32cubeide_1.2.0/stm32cubeide/plugins/com.st.stm32cube.ide.mcu.externaltools.gnu-tools-for-stm32.7-2018-q2-update.win32_1.0.0.201904181610/tools/bin/../lib/gcc/arm-none-eabi/7.3.1/thumb/v7-m\libgcc.a
LOAD d:/st/stm32cubeide_1.2.0/stm32cubeide/plugins/com.st.stm32cube.ide.mcu.externaltools.gnu-tools-for-stm32.7-2018-q2-update.win32_1.0.0.201904181610/tools/bin/../lib/gcc/arm-none-eabi/7.3.1/../../../../arm-none-eabi/lib/thumb/v7-m\libc_nano.a
END GROUP
START GROUP
LOAD d:/st/stm32cubeide_1.2.0/stm32cubeide/plugins/com.st.stm32cube.ide.mcu.externaltools.gnu-tools-for-stm32.7-2018-q2-update.win32_1.0.0.201904181610/tools/bin/../lib/gcc/arm-none-eabi/7.3.1/thumb/v7-m\libgcc.a
LOAD d:/st/stm32cubeide_1.2.0/stm32cubeide/plugins/com.st.stm32cube.ide.mcu.externaltools.gnu-tools-for-stm32.7-2018-q2-update.win32_1.0.0.201904181610/tools/bin/../lib/gcc/arm-none-eabi/7.3.1/../../../../arm-none-eabi/lib/thumb/v7-m\libc_nano.a
LOAD d:/st/stm32cubeide_1.2.0/stm32cubeide/plugins/com.st.stm32cube.ide.mcu.externaltools.gnu-tools-for-stm32.7-2018-q2-update.win32_1.0.0.201904181610/tools/bin/../lib/gcc/arm-none-eabi/7.3.1/../../../../arm-none-eabi/lib/thumb/v7-m\libnosys.a
END GROUP
START GROUP
LOAD d:/st/stm32cubeide_1.2.0/stm32cubeide/plugins/com.st.stm32cube.ide.mcu.externaltools.gnu-tools-for-stm32.7-2018-q2-update.win32_1.0.0.201904181610/tools/bin/../lib/gcc/arm-none-eabi/7.3.1/thumb/v7-m\libgcc.a
LOAD d:/st/stm32cubeide_1.2.0/stm32cubeide/plugins/com.st.stm32cube.ide.mcu.externaltools.gnu-tools-for-stm32.7-2018-q2-update.win32_1.0.0.201904181610/tools/bin/../lib/gcc/arm-none-eabi/7.3.1/../../../../arm-none-eabi/lib/thumb/v7-m\libc_nano.a
LOAD d:/st/stm32cubeide_1.2.0/stm32cubeide/plugins/com.st.stm32cube.ide.mcu.externaltools.gnu-tools-for-stm32.7-2018-q2-update.win32_1.0.0.201904181610/tools/bin/../lib/gcc/arm-none-eabi/7.3.1/../../../../arm-none-eabi/lib/thumb/v7-m\libnosys.a
END GROUP
LOAD d:/st/stm32cubeide_1.2.0/stm32cubeide/plugins/com.st.stm32cube.ide.mcu.externaltools.gnu-tools-for-stm32.7-2018-q2-update.win32_1.0.0.201904181610/tools/bin/../lib/gcc/arm-none-eabi/7.3.1/thumb/v7-m/crtend.o
LOAD d:/st/stm32cubeide_1.2.0/stm32cubeide/plugins/com.st.stm32cube.ide.mcu.externaltools.gnu-tools-for-stm32.7-2018-q2-update.win32_1.0.0.201904181610/tools/bin/../lib/gcc/arm-none-eabi/7.3.1/thumb/v7-m/crtn.o
                0x0000000020005000                _estack = (ORIGIN (RAM) + LENGTH (RAM))
                0x0000000000000200                _Min_Heap_Size = 0x200
                0x0000000000000400                _Min_Stack_Size = 0x400

.isr_vector     0x0000000008000000      0x10c
                0x0000000008000000                . = ALIGN (0x4)
 *(.isr_vector)
 .isr_vector    0x0000000008000000      0x10c Core/Startup/startup_stm32f103c8tx.o
                0x0000000008000000                g_pfnVectors
                0x000000000800010c                . = ALIGN (0x4)

.text           0x000000000800010c     0x2ec0
                0x000000000800010c                . = ALIGN (0x4)
 *(.text)
 .text          0x000000000800010c       0x40 d:/st/stm32cubeide_1.2.0/stm32cubeide/plugins/com.st.stm32cube.ide.mcu.externaltools.gnu-tools-for-stm32.7-2018-q2-update.win32_1.0.0.201904181610/tools/bin/../lib/gcc/arm-none-eabi/7.3.1/thumb/v7-m/crtbegin.o
 *(.text*)
 .text.main     0x000000000800014c       0x4c Core/Src/main.o
                0x000000000800014c                main
 .text.SystemClock_Config
                0x0000000008000198       0x8a Core/Src/main.o
                0x0000000008000198                SystemClock_Config
 *fill*         0x0000000008000222        0x2 
 .text.MX_TIM2_Init
                0x0000000008000224       0x98 Core/Src/main.o
 .text.MX_USART1_UART_Init
                0x00000000080002bc       0x54 Core/Src/main.o
 .text.MX_GPIO_Init
                0x0000000008000310       0xc8 Core/Src/main.o
 .text.HAL_TIM_PeriodElapsedCallback
                0x00000000080003d8       0x22 Core/Src/main.o
                0x00000000080003d8                HAL_TIM_PeriodElapsedCallback
 .text.Error_Handler
                0x00000000080003fa        0xc Core/Src/main.o
                0x00000000080003fa                Error_Handler
 *fill*         0x0000000008000406        0x2 
 .text.HAL_MspInit
                0x0000000008000408       0x64 Core/Src/stm32f1xx_hal_msp.o
                0x0000000008000408                HAL_MspInit
 .text.HAL_TIM_Base_MspInit
                0x000000000800046c       0x48 Core/Src/stm32f1xx_hal_msp.o
                0x000000000800046c                HAL_TIM_Base_MspInit
 .text.HAL_UART_MspInit
                0x00000000080004b4       0xa8 Core/Src/stm32f1xx_hal_msp.o
                0x00000000080004b4                HAL_UART_MspInit
 .text.NMI_Handler
                0x000000000800055c        0xc Core/Src/stm32f1xx_it.o
                0x000000000800055c                NMI_Handler
 .text.HardFault_Handler
                0x0000000008000568        0x6 Core/Src/stm32f1xx_it.o
                0x0000000008000568                HardFault_Handler
 .text.MemManage_Handler
                0x000000000800056e        0x6 Core/Src/stm32f1xx_it.o
                0x000000000800056e                MemManage_Handler
 .text.BusFault_Handler
                0x0000000008000574        0x6 Core/Src/stm32f1xx_it.o
                0x0000000008000574                BusFault_Handler
 .text.UsageFault_Handler
                0x000000000800057a        0x6 Core/Src/stm32f1xx_it.o
                0x000000000800057a                UsageFault_Handler
 .text.SVC_Handler
                0x0000000008000580        0xc Core/Src/stm32f1xx_it.o
                0x0000000008000580                SVC_Handler
 .text.DebugMon_Handler
                0x000000000800058c        0xc Core/Src/stm32f1xx_it.o
                0x000000000800058c                DebugMon_Handler
 .text.PendSV_Handler
                0x0000000008000598        0xc Core/Src/stm32f1xx_it.o
                0x0000000008000598                PendSV_Handler
 .text.SysTick_Handler
                0x00000000080005a4        0xc Core/Src/stm32f1xx_it.o
                0x00000000080005a4                SysTick_Handler
 .text.TIM2_IRQHandler
                0x00000000080005b0       0x14 Core/Src/stm32f1xx_it.o
                0x00000000080005b0                TIM2_IRQHandler
 .text.USART1_IRQHandler
                0x00000000080005c4       0x14 Core/Src/stm32f1xx_it.o
                0x00000000080005c4                USART1_IRQHandler
 .text.SystemInit
                0x00000000080005d8       0x68 Core/Src/system_stm32f1xx.o
                0x00000000080005d8                SystemInit
 .text.Reset_Handler
                0x0000000008000640       0x48 Core/Startup/startup_stm32f103c8tx.o
                0x0000000008000640                Reset_Handler
 .text.Default_Handler
                0x0000000008000688        0x2 Core/Startup/startup_stm32f103c8tx.o
                0x0000000008000688                RTC_Alarm_IRQHandler
                0x0000000008000688                EXTI2_IRQHandler
                0x0000000008000688                TIM1_CC_IRQHandler
                0x0000000008000688                PVD_IRQHandler
                0x0000000008000688                EXTI3_IRQHandler
                0x0000000008000688                EXTI0_IRQHandler
                0x0000000008000688                I2C2_EV_IRQHandler
                0x0000000008000688                ADC1_2_IRQHandler
                0x0000000008000688                SPI1_IRQHandler
                0x0000000008000688                TAMPER_IRQHandler
                0x0000000008000688                DMA1_Channel4_IRQHandler
                0x0000000008000688                USART3_IRQHandler
                0x0000000008000688                RTC_IRQHandler
                0x0000000008000688                DMA1_Channel7_IRQHandler
                0x0000000008000688                CAN1_RX1_IRQHandler
                0x0000000008000688                TIM4_IRQHandler
                0x0000000008000688                I2C1_EV_IRQHandler
                0x0000000008000688                DMA1_Channel6_IRQHandler
                0x0000000008000688                TIM3_IRQHandler
                0x0000000008000688                RCC_IRQHandler
                0x0000000008000688                TIM1_TRG_COM_IRQHandler
                0x0000000008000688                DMA1_Channel1_IRQHandler
                0x0000000008000688                Default_Handler
                0x0000000008000688                EXTI15_10_IRQHandler
                0x0000000008000688                EXTI9_5_IRQHandler
                0x0000000008000688                SPI2_IRQHandler
                0x0000000008000688                DMA1_Channel5_IRQHandler
                0x0000000008000688                EXTI4_IRQHandler
                0x0000000008000688                USB_LP_CAN1_RX0_IRQHandler
                0x0000000008000688                USB_HP_CAN1_TX_IRQHandler
                0x0000000008000688                DMA1_Channel3_IRQHandler
                0x0000000008000688                TIM1_UP_IRQHandler
                0x0000000008000688                WWDG_IRQHandler
                0x0000000008000688                TIM1_BRK_IRQHandler
                0x0000000008000688                EXTI1_IRQHandler
                0x0000000008000688                USART2_IRQHandler
                0x0000000008000688                I2C2_ER_IRQHandler
                0x0000000008000688                DMA1_Channel2_IRQHandler
                0x0000000008000688                CAN1_SCE_IRQHandler
                0x0000000008000688                FLASH_IRQHandler
                0x0000000008000688                I2C1_ER_IRQHandler
                0x0000000008000688                USBWakeUp_IRQHandler
 *fill*         0x000000000800068a        0x2 
 .text.HAL_Init
                0x000000000800068c       0x2c Drivers/STM32F1xx_HAL_Driver/Src/stm32f1xx_hal.o
                0x000000000800068c                HAL_Init
 .text.HAL_InitTick
                0x00000000080006b8       0x60 Drivers/STM32F1xx_HAL_Driver/Src/stm32f1xx_hal.o
                0x00000000080006b8                HAL_InitTick
 .text.HAL_IncTick
                0x0000000008000718       0x24 Drivers/STM32F1xx_HAL_Driver/Src/stm32f1xx_hal.o
                0x0000000008000718                HAL_IncTick
 .text.HAL_GetTick
                0x000000000800073c       0x14 Drivers/STM32F1xx_HAL_Driver/Src/stm32f1xx_hal.o
                0x000000000800073c                HAL_GetTick
 .text.__NVIC_SetPriorityGrouping
                0x0000000008000750       0x48 Drivers/STM32F1xx_HAL_Driver/Src/stm32f1xx_hal_cortex.o
 .text.__NVIC_GetPriorityGrouping
                0x0000000008000798       0x1c Drivers/STM32F1xx_HAL_Driver/Src/stm32f1xx_hal_cortex.o
 .text.__NVIC_EnableIRQ
                0x00000000080007b4       0x38 Drivers/STM32F1xx_HAL_Driver/Src/stm32f1xx_hal_cortex.o
 .text.__NVIC_SetPriority
                0x00000000080007ec       0x54 Drivers/STM32F1xx_HAL_Driver/Src/stm32f1xx_hal_cortex.o
 .text.NVIC_EncodePriority
                0x0000000008000840       0x64 Drivers/STM32F1xx_HAL_Driver/Src/stm32f1xx_hal_cortex.o
 .text.SysTick_Config
                0x00000000080008a4       0x44 Drivers/STM32F1xx_HAL_Driver/Src/stm32f1xx_hal_cortex.o
 .text.HAL_NVIC_SetPriorityGrouping
                0x00000000080008e8       0x16 Drivers/STM32F1xx_HAL_Driver/Src/stm32f1xx_hal_cortex.o
                0x00000000080008e8                HAL_NVIC_SetPriorityGrouping
 .text.HAL_NVIC_SetPriority
                0x00000000080008fe       0x38 Drivers/STM32F1xx_HAL_Driver/Src/stm32f1xx_hal_cortex.o
                0x00000000080008fe                HAL_NVIC_SetPriority
 .text.HAL_NVIC_EnableIRQ
                0x0000000008000936       0x1c Drivers/STM32F1xx_HAL_Driver/Src/stm32f1xx_hal_cortex.o
                0x0000000008000936                HAL_NVIC_EnableIRQ
 .text.HAL_SYSTICK_Config
                0x0000000008000952       0x18 Drivers/STM32F1xx_HAL_Driver/Src/stm32f1xx_hal_cortex.o
                0x0000000008000952                HAL_SYSTICK_Config
 *fill*         0x000000000800096a        0x2 
 .text.HAL_DMA_Abort_IT
                0x000000000800096c       0xec Drivers/STM32F1xx_HAL_Driver/Src/stm32f1xx_hal_dma.o
                0x000000000800096c                HAL_DMA_Abort_IT
 .text.HAL_GPIO_Init
                0x0000000008000a58      0x2b4 Drivers/STM32F1xx_HAL_Driver/Src/stm32f1xx_hal_gpio.o
                0x0000000008000a58                HAL_GPIO_Init
 .text.HAL_GPIO_ReadPin
                0x0000000008000d0c       0x2e Drivers/STM32F1xx_HAL_Driver/Src/stm32f1xx_hal_gpio.o
                0x0000000008000d0c                HAL_GPIO_ReadPin
 .text.HAL_GPIO_WritePin
                0x0000000008000d3a       0x30 Drivers/STM32F1xx_HAL_Driver/Src/stm32f1xx_hal_gpio.o
                0x0000000008000d3a                HAL_GPIO_WritePin
 *fill*         0x0000000008000d6a        0x2 
 .text.HAL_RCC_OscConfig
                0x0000000008000d6c      0x500 Drivers/STM32F1xx_HAL_Driver/Src/stm32f1xx_hal_rcc.o
                0x0000000008000d6c                HAL_RCC_OscConfig
 .text.HAL_RCC_ClockConfig
                0x000000000800126c      0x1d4 Drivers/STM32F1xx_HAL_Driver/Src/stm32f1xx_hal_rcc.o
                0x000000000800126c                HAL_RCC_ClockConfig
 .text.HAL_RCC_GetSysClockFreq
                0x0000000008001440       0xc4 Drivers/STM32F1xx_HAL_Driver/Src/stm32f1xx_hal_rcc.o
                0x0000000008001440                HAL_RCC_GetSysClockFreq
 .text.HAL_RCC_GetHCLKFreq
                0x0000000008001504       0x14 Drivers/STM32F1xx_HAL_Driver/Src/stm32f1xx_hal_rcc.o
                0x0000000008001504                HAL_RCC_GetHCLKFreq
 .text.HAL_RCC_GetPCLK1Freq
                0x0000000008001518       0x28 Drivers/STM32F1xx_HAL_Driver/Src/stm32f1xx_hal_rcc.o
                0x0000000008001518                HAL_RCC_GetPCLK1Freq
 .text.HAL_RCC_GetPCLK2Freq
                0x0000000008001540       0x28 Drivers/STM32F1xx_HAL_Driver/Src/stm32f1xx_hal_rcc.o
                0x0000000008001540                HAL_RCC_GetPCLK2Freq
 .text.RCC_Delay
                0x0000000008001568       0x3c Drivers/STM32F1xx_HAL_Driver/Src/stm32f1xx_hal_rcc.o
 .text.HAL_TIM_Base_Init
                0x00000000080015a4       0x56 Drivers/STM32F1xx_HAL_Driver/Src/stm32f1xx_hal_tim.o
                0x00000000080015a4                HAL_TIM_Base_Init
 .text.HAL_TIM_Base_Start_IT
                0x00000000080015fa       0x46 Drivers/STM32F1xx_HAL_Driver/Src/stm32f1xx_hal_tim.o
                0x00000000080015fa                HAL_TIM_Base_Start_IT
 .text.HAL_TIM_IRQHandler
                0x0000000008001640      0x210 Drivers/STM32F1xx_HAL_Driver/Src/stm32f1xx_hal_tim.o
                0x0000000008001640                HAL_TIM_IRQHandler
 .text.HAL_TIM_ConfigClockSource
                0x0000000008001850      0x16e Drivers/STM32F1xx_HAL_Driver/Src/stm32f1xx_hal_tim.o
                0x0000000008001850                HAL_TIM_ConfigClockSource
 .text.HAL_TIM_OC_DelayElapsedCallback
                0x00000000080019be       0x12 Drivers/STM32F1xx_HAL_Driver/Src/stm32f1xx_hal_tim.o
                0x00000000080019be                HAL_TIM_OC_DelayElapsedCallback
 .text.HAL_TIM_IC_CaptureCallback
                0x00000000080019d0       0x12 Drivers/STM32F1xx_HAL_Driver/Src/stm32f1xx_hal_tim.o
                0x00000000080019d0                HAL_TIM_IC_CaptureCallback
 .text.HAL_TIM_PWM_PulseFinishedCallback
                0x00000000080019e2       0x12 Drivers/STM32F1xx_HAL_Driver/Src/stm32f1xx_hal_tim.o
                0x00000000080019e2                HAL_TIM_PWM_PulseFinishedCallback
 .text.HAL_TIM_TriggerCallback
                0x00000000080019f4       0x12 Drivers/STM32F1xx_HAL_Driver/Src/stm32f1xx_hal_tim.o
                0x00000000080019f4                HAL_TIM_TriggerCallback
 *fill*         0x0000000008001a06        0x2 
 .text.TIM_Base_SetConfig
                0x0000000008001a08       0xc4 Drivers/STM32F1xx_HAL_Driver/Src/stm32f1xx_hal_tim.o
                0x0000000008001a08                TIM_Base_SetConfig
 .text.TIM_TI1_ConfigInputStage
                0x0000000008001acc       0x5c Drivers/STM32F1xx_HAL_Driver/Src/stm32f1xx_hal_tim.o
 .text.TIM_TI2_ConfigInputStage
                0x0000000008001b28       0x5e Drivers/STM32F1xx_HAL_Driver/Src/stm32f1xx_hal_tim.o
 .text.TIM_ITRx_SetConfig
                0x0000000008001b86       0x34 Drivers/STM32F1xx_HAL_Driver/Src/stm32f1xx_hal_tim.o
 .text.TIM_ETR_SetConfig
                0x0000000008001bba       0x3e Drivers/STM32F1xx_HAL_Driver/Src/stm32f1xx_hal_tim.o
                0x0000000008001bba                TIM_ETR_SetConfig
 .text.HAL_TIMEx_MasterConfigSynchronization
                0x0000000008001bf8       0x88 Drivers/STM32F1xx_HAL_Driver/Src/stm32f1xx_hal_tim_ex.o
                0x0000000008001bf8                HAL_TIMEx_MasterConfigSynchronization
 .text.HAL_TIMEx_CommutCallback
                0x0000000008001c80       0x12 Drivers/STM32F1xx_HAL_Driver/Src/stm32f1xx_hal_tim_ex.o
                0x0000000008001c80                HAL_TIMEx_CommutCallback
 .text.HAL_TIMEx_BreakCallback
                0x0000000008001c92       0x12 Drivers/STM32F1xx_HAL_Driver/Src/stm32f1xx_hal_tim_ex.o
                0x0000000008001c92                HAL_TIMEx_BreakCallback
 .text.HAL_UART_Init
                0x0000000008001ca4       0x9a Drivers/STM32F1xx_HAL_Driver/Src/stm32f1xx_hal_uart.o
                0x0000000008001ca4                HAL_UART_Init
 .text.HAL_UART_Transmit
                0x0000000008001d3e      0x132 Drivers/STM32F1xx_HAL_Driver/Src/stm32f1xx_hal_uart.o
                0x0000000008001d3e                HAL_UART_Transmit
 .text.HAL_UART_Receive_IT
                0x0000000008001e70       0xa8 Drivers/STM32F1xx_HAL_Driver/Src/stm32f1xx_hal_uart.o
                0x0000000008001e70                HAL_UART_Receive_IT
 .text.HAL_UART_IRQHandler
                0x0000000008001f18      0x1f8 Drivers/STM32F1xx_HAL_Driver/Src/stm32f1xx_hal_uart.o
                0x0000000008001f18                HAL_UART_IRQHandler
 .text.HAL_UART_TxCpltCallback
                0x0000000008002110       0x12 Drivers/STM32F1xx_HAL_Driver/Src/stm32f1xx_hal_uart.o
                0x0000000008002110                HAL_UART_TxCpltCallback
 .text.HAL_UART_ErrorCallback
                0x0000000008002122       0x12 Drivers/STM32F1xx_HAL_Driver/Src/stm32f1xx_hal_uart.o
                0x0000000008002122                HAL_UART_ErrorCallback
 .text.UART_WaitOnFlagUntilTimeout
                0x0000000008002134       0x94 Drivers/STM32F1xx_HAL_Driver/Src/stm32f1xx_hal_uart.o
 .text.UART_EndRxTransfer
                0x00000000080021c8       0x3a Drivers/STM32F1xx_HAL_Driver/Src/stm32f1xx_hal_uart.o
 .text.UART_DMAAbortOnError
                0x0000000008002202       0x28 Drivers/STM32F1xx_HAL_Driver/Src/stm32f1xx_hal_uart.o
 .text.UART_Transmit_IT
                0x000000000800222a       0xaa Drivers/STM32F1xx_HAL_Driver/Src/stm32f1xx_hal_uart.o
 .text.UART_EndTransmit_IT
                0x00000000080022d4       0x30 Drivers/STM32F1xx_HAL_Driver/Src/stm32f1xx_hal_uart.o
 .text.UART_Receive_IT
                0x0000000008002304      0x102 Drivers/STM32F1xx_HAL_Driver/Src/stm32f1xx_hal_uart.o
 *fill*         0x0000000008002406        0x2 
 .text.UART_SetConfig
                0x0000000008002408      0x1b4 Drivers/STM32F1xx_HAL_Driver/Src/stm32f1xx_hal_uart.o
 .text.Get_Key_Value
                0x00000000080025bc       0x68 User/Src/key_function.o
 .text.Get_Key_Time_Value
                0x0000000008002624       0xf8 User/Src/key_function.o
 .text.Get_Key_Event
                0x000000000800271c      0x198 User/Src/key_function.o
 .text.Key_EdgeJudge
                0x00000000080028b4      0x254 User/Src/key_function.o
 .text.Key_Timer_Interrupt
                0x0000000008002b08       0x10 User/Src/key_function.o
                0x0000000008002b08                Key_Timer_Interrupt
 .text.Key_Processing
                0x0000000008002b18      0x21c User/Src/key_function.o
                0x0000000008002b18                Key_Processing
 .text.Uart_Time_Even
                0x0000000008002d34       0x7c User/Src/uart.o
                0x0000000008002d34                Uart_Time_Even
 .text.Receive_Interrupt
                0x0000000008002db0       0xc8 User/Src/uart.o
                0x0000000008002db0                Receive_Interrupt
 .text.Uart_Data_Processing
                0x0000000008002e78       0x70 User/Src/uart.o
                0x0000000008002e78                Uart_Data_Processing
 .text.HAL_UART_RxCpltCallback
                0x0000000008002ee8       0x34 User/Src/uart.o
                0x0000000008002ee8                HAL_UART_RxCpltCallback
 .text.HAL_UART_Transmit_Str
                0x0000000008002f1c       0x40 User/Src/uart.o
                0x0000000008002f1c                HAL_UART_Transmit_Str
 .text.__libc_init_array
                0x0000000008002f5c       0x48 d:/st/stm32cubeide_1.2.0/stm32cubeide/plugins/com.st.stm32cube.ide.mcu.externaltools.gnu-tools-for-stm32.7-2018-q2-update.win32_1.0.0.201904181610/tools/bin/../lib/gcc/arm-none-eabi/7.3.1/../../../../arm-none-eabi/lib/thumb/v7-m\libc_nano.a(lib_a-init.o)
                0x0000000008002f5c                __libc_init_array
 .text.memset   0x0000000008002fa4       0x10 d:/st/stm32cubeide_1.2.0/stm32cubeide/plugins/com.st.stm32cube.ide.mcu.externaltools.gnu-tools-for-stm32.7-2018-q2-update.win32_1.0.0.201904181610/tools/bin/../lib/gcc/arm-none-eabi/7.3.1/../../../../arm-none-eabi/lib/thumb/v7-m\libc_nano.a(lib_a-memset.o)
                0x0000000008002fa4                memset
 *(.glue_7)
 .glue_7        0x0000000008002fb4        0x0 linker stubs
 *(.glue_7t)
 .glue_7t       0x0000000008002fb4        0x0 linker stubs
 *(.eh_frame)
 .eh_frame      0x0000000008002fb4        0x0 d:/st/stm32cubeide_1.2.0/stm32cubeide/plugins/com.st.stm32cube.ide.mcu.externaltools.gnu-tools-for-stm32.7-2018-q2-update.win32_1.0.0.201904181610/tools/bin/../lib/gcc/arm-none-eabi/7.3.1/thumb/v7-m/crtbegin.o
 *(.init)
 .init          0x0000000008002fb4        0x4 d:/st/stm32cubeide_1.2.0/stm32cubeide/plugins/com.st.stm32cube.ide.mcu.externaltools.gnu-tools-for-stm32.7-2018-q2-update.win32_1.0.0.201904181610/tools/bin/../lib/gcc/arm-none-eabi/7.3.1/thumb/v7-m/crti.o
                0x0000000008002fb4                _init
 .init          0x0000000008002fb8        0x8 d:/st/stm32cubeide_1.2.0/stm32cubeide/plugins/com.st.stm32cube.ide.mcu.externaltools.gnu-tools-for-stm32.7-2018-q2-update.win32_1.0.0.201904181610/tools/bin/../lib/gcc/arm-none-eabi/7.3.1/thumb/v7-m/crtn.o
 *(.fini)
 .fini          0x0000000008002fc0        0x4 d:/st/stm32cubeide_1.2.0/stm32cubeide/plugins/com.st.stm32cube.ide.mcu.externaltools.gnu-tools-for-stm32.7-2018-q2-update.win32_1.0.0.201904181610/tools/bin/../lib/gcc/arm-none-eabi/7.3.1/thumb/v7-m/crti.o
                0x0000000008002fc0                _fini
 .fini          0x0000000008002fc4        0x8 d:/st/stm32cubeide_1.2.0/stm32cubeide/plugins/com.st.stm32cube.ide.mcu.externaltools.gnu-tools-for-stm32.7-2018-q2-update.win32_1.0.0.201904181610/tools/bin/../lib/gcc/arm-none-eabi/7.3.1/thumb/v7-m/crtn.o
                0x0000000008002fcc                . = ALIGN (0x4)
                0x0000000008002fcc                _etext = .

.vfp11_veneer   0x0000000008002fcc        0x0
 .vfp11_veneer  0x0000000008002fcc        0x0 linker stubs

.v4_bx          0x0000000008002fcc        0x0
 .v4_bx         0x0000000008002fcc        0x0 linker stubs

.iplt           0x0000000008002fcc        0x0
 .iplt          0x0000000008002fcc        0x0 d:/st/stm32cubeide_1.2.0/stm32cubeide/plugins/com.st.stm32cube.ide.mcu.externaltools.gnu-tools-for-stm32.7-2018-q2-update.win32_1.0.0.201904181610/tools/bin/../lib/gcc/arm-none-eabi/7.3.1/thumb/v7-m/crtbegin.o

.rodata         0x0000000008002fcc      0x180
                0x0000000008002fcc                . = ALIGN (0x4)
 *(.rodata)
 .rodata        0x0000000008002fcc        0xd Core/Src/main.o
 *fill*         0x0000000008002fd9        0x3 
 .rodata        0x0000000008002fdc       0x12 Drivers/STM32F1xx_HAL_Driver/Src/stm32f1xx_hal_rcc.o
 *fill*         0x0000000008002fee        0x2 
 .rodata        0x0000000008002ff0      0x141 User/Src/key_function.o
 *(.rodata*)
 *fill*         0x0000000008003131        0x3 
 .rodata.AHBPrescTable
                0x0000000008003134       0x10 Core/Src/system_stm32f1xx.o
                0x0000000008003134                AHBPrescTable
 .rodata.APBPrescTable
                0x0000000008003144        0x8 Core/Src/system_stm32f1xx.o
                0x0000000008003144                APBPrescTable
                0x000000000800314c                . = ALIGN (0x4)

.rel.dyn        0x000000000800314c        0x0
 .rel.iplt      0x000000000800314c        0x0 d:/st/stm32cubeide_1.2.0/stm32cubeide/plugins/com.st.stm32cube.ide.mcu.externaltools.gnu-tools-for-stm32.7-2018-q2-update.win32_1.0.0.201904181610/tools/bin/../lib/gcc/arm-none-eabi/7.3.1/thumb/v7-m/crtbegin.o

.ARM.extab      0x000000000800314c        0x0
                0x000000000800314c                . = ALIGN (0x4)
 *(.ARM.extab* .gnu.linkonce.armextab.*)
                0x000000000800314c                . = ALIGN (0x4)

.ARM            0x000000000800314c        0x0
                0x000000000800314c                . = ALIGN (0x4)
                0x000000000800314c                __exidx_start = .
 *(.ARM.exidx*)
                0x000000000800314c                __exidx_end = .
                0x000000000800314c                . = ALIGN (0x4)

.preinit_array  0x000000000800314c        0x0
                0x000000000800314c                . = ALIGN (0x4)
                0x000000000800314c                PROVIDE (__preinit_array_start = .)
 *(.preinit_array*)
                0x000000000800314c                PROVIDE (__preinit_array_end = .)
                0x000000000800314c                . = ALIGN (0x4)

.init_array     0x000000000800314c        0x4
                0x000000000800314c                . = ALIGN (0x4)
                0x000000000800314c                PROVIDE (__init_array_start = .)
 *(SORT_BY_NAME(.init_array.*))
 *(.init_array*)
 .init_array    0x000000000800314c        0x4 d:/st/stm32cubeide_1.2.0/stm32cubeide/plugins/com.st.stm32cube.ide.mcu.externaltools.gnu-tools-for-stm32.7-2018-q2-update.win32_1.0.0.201904181610/tools/bin/../lib/gcc/arm-none-eabi/7.3.1/thumb/v7-m/crtbegin.o
                0x0000000008003150                PROVIDE (__init_array_end = .)
                0x0000000008003150                . = ALIGN (0x4)

.fini_array     0x0000000008003150        0x4
                0x0000000008003150                . = ALIGN (0x4)
                [!provide]                        PROVIDE (__fini_array_start = .)
 *(SORT_BY_NAME(.fini_array.*))
 *(.fini_array*)
 .fini_array    0x0000000008003150        0x4 d:/st/stm32cubeide_1.2.0/stm32cubeide/plugins/com.st.stm32cube.ide.mcu.externaltools.gnu-tools-for-stm32.7-2018-q2-update.win32_1.0.0.201904181610/tools/bin/../lib/gcc/arm-none-eabi/7.3.1/thumb/v7-m/crtbegin.o
                [!provide]                        PROVIDE (__fini_array_end = .)
                0x0000000008003154                . = ALIGN (0x4)
                0x0000000008003154                _sidata = LOADADDR (.data)

.data           0x0000000020000000        0xc load address 0x0000000008003154
                0x0000000020000000                . = ALIGN (0x4)
                0x0000000020000000                _sdata = .
 *(.data)
 *(.data*)
 .data.SystemCoreClock
                0x0000000020000000        0x4 Core/Src/system_stm32f1xx.o
                0x0000000020000000                SystemCoreClock
 .data.uwTickPrio
                0x0000000020000004        0x4 Drivers/STM32F1xx_HAL_Driver/Src/stm32f1xx_hal.o
                0x0000000020000004                uwTickPrio
 .data.uwTickFreq
                0x0000000020000008        0x1 Drivers/STM32F1xx_HAL_Driver/Src/stm32f1xx_hal.o
                0x0000000020000008                uwTickFreq
                0x000000002000000c                . = ALIGN (0x4)
 *fill*         0x0000000020000009        0x3 
                0x000000002000000c                _edata = .

.igot.plt       0x000000002000000c        0x0 load address 0x0000000008003160
 .igot.plt      0x000000002000000c        0x0 d:/st/stm32cubeide_1.2.0/stm32cubeide/plugins/com.st.stm32cube.ide.mcu.externaltools.gnu-tools-for-stm32.7-2018-q2-update.win32_1.0.0.201904181610/tools/bin/../lib/gcc/arm-none-eabi/7.3.1/thumb/v7-m/crtbegin.o
                0x000000002000000c                . = ALIGN (0x4)

.bss            0x000000002000000c      0x114 load address 0x0000000008003160
                0x000000002000000c                _sbss = .
                0x000000002000000c                __bss_start__ = _sbss
 *(.bss)
 .bss           0x000000002000000c       0x1c d:/st/stm32cubeide_1.2.0/stm32cubeide/plugins/com.st.stm32cube.ide.mcu.externaltools.gnu-tools-for-stm32.7-2018-q2-update.win32_1.0.0.201904181610/tools/bin/../lib/gcc/arm-none-eabi/7.3.1/thumb/v7-m/crtbegin.o
 *(.bss*)
 .bss.i.6049    0x0000000020000028        0x1 User/Src/key_function.o
 .bss.i.6055    0x0000000020000029        0x1 User/Src/key_function.o
 .bss.i.6061    0x000000002000002a        0x1 User/Src/key_function.o
 *(COMMON)
 *fill*         0x000000002000002b        0x1 
 COMMON         0x000000002000002c       0x84 Core/Src/main.o
                0x000000002000002c                huart1
                0x000000002000006c                buffer
                0x0000000020000070                htim2
 COMMON         0x00000000200000b0        0x4 Drivers/STM32F1xx_HAL_Driver/Src/stm32f1xx_hal.o
                0x00000000200000b0                uwTick
 COMMON         0x00000000200000b4       0x38 User/Src/key_function.o
                0x00000000200000b4                key
 COMMON         0x00000000200000ec       0x31 User/Src/uart.o
                0x00000000200000ec                uart1
                0x00000000200000f0                frame
                0x000000002000011c                uart_frame_id
                0x0000000020000120                . = ALIGN (0x4)
 *fill*         0x000000002000011d        0x3 
                0x0000000020000120                _ebss = .
                0x0000000020000120                __bss_end__ = _ebss

._user_heap_stack
                0x0000000020000120      0x600 load address 0x0000000008003160
                0x0000000020000120                . = ALIGN (0x8)
                0x0000000020000120                PROVIDE (end = .)
                [!provide]                        PROVIDE (_end = .)
                0x0000000020000320                . = (. + _Min_Heap_Size)
 *fill*         0x0000000020000120      0x200 
                0x0000000020000720                . = (. + _Min_Stack_Size)
 *fill*         0x0000000020000320      0x400 
                0x0000000020000720                . = ALIGN (0x8)

/DISCARD/
 libc.a(*)
 libm.a(*)
 libgcc.a(*)

.ARM.attributes
                0x0000000000000000       0x29
 *(.ARM.attributes)
 .ARM.attributes
                0x0000000000000000       0x1d d:/st/stm32cubeide_1.2.0/stm32cubeide/plugins/com.st.stm32cube.ide.mcu.externaltools.gnu-tools-for-stm32.7-2018-q2-update.win32_1.0.0.201904181610/tools/bin/../lib/gcc/arm-none-eabi/7.3.1/thumb/v7-m/crti.o
 .ARM.attributes
                0x000000000000001d       0x2d d:/st/stm32cubeide_1.2.0/stm32cubeide/plugins/com.st.stm32cube.ide.mcu.externaltools.gnu-tools-for-stm32.7-2018-q2-update.win32_1.0.0.201904181610/tools/bin/../lib/gcc/arm-none-eabi/7.3.1/thumb/v7-m/crtbegin.o
 .ARM.attributes
                0x000000000000004a       0x33 Core/Src/main.o
 .ARM.attributes
                0x000000000000007d       0x33 Core/Src/stm32f1xx_hal_msp.o
 .ARM.attributes
                0x00000000000000b0       0x33 Core/Src/stm32f1xx_it.o
 .ARM.attributes
                0x00000000000000e3       0x33 Core/Src/system_stm32f1xx.o
 .ARM.attributes
                0x0000000000000116       0x21 Core/Startup/startup_stm32f103c8tx.o
 .ARM.attributes
                0x0000000000000137       0x33 Drivers/STM32F1xx_HAL_Driver/Src/stm32f1xx_hal.o
 .ARM.attributes
                0x000000000000016a       0x33 Drivers/STM32F1xx_HAL_Driver/Src/stm32f1xx_hal_cortex.o
 .ARM.attributes
                0x000000000000019d       0x33 Drivers/STM32F1xx_HAL_Driver/Src/stm32f1xx_hal_dma.o
 .ARM.attributes
                0x00000000000001d0       0x33 Drivers/STM32F1xx_HAL_Driver/Src/stm32f1xx_hal_gpio.o
 .ARM.attributes
                0x0000000000000203       0x33 Drivers/STM32F1xx_HAL_Driver/Src/stm32f1xx_hal_rcc.o
 .ARM.attributes
                0x0000000000000236       0x33 Drivers/STM32F1xx_HAL_Driver/Src/stm32f1xx_hal_tim.o
 .ARM.attributes
                0x0000000000000269       0x33 Drivers/STM32F1xx_HAL_Driver/Src/stm32f1xx_hal_tim_ex.o
 .ARM.attributes
                0x000000000000029c       0x33 Drivers/STM32F1xx_HAL_Driver/Src/stm32f1xx_hal_uart.o
 .ARM.attributes
                0x00000000000002cf       0x33 User/Src/key_function.o
 .ARM.attributes
                0x0000000000000302       0x33 User/Src/uart.o
 .ARM.attributes
                0x0000000000000335       0x2d d:/st/stm32cubeide_1.2.0/stm32cubeide/plugins/com.st.stm32cube.ide.mcu.externaltools.gnu-tools-for-stm32.7-2018-q2-update.win32_1.0.0.201904181610/tools/bin/../lib/gcc/arm-none-eabi/7.3.1/../../../../arm-none-eabi/lib/thumb/v7-m\libc_nano.a(lib_a-init.o)
 .ARM.attributes
                0x0000000000000362       0x2d d:/st/stm32cubeide_1.2.0/stm32cubeide/plugins/com.st.stm32cube.ide.mcu.externaltools.gnu-tools-for-stm32.7-2018-q2-update.win32_1.0.0.201904181610/tools/bin/../lib/gcc/arm-none-eabi/7.3.1/../../../../arm-none-eabi/lib/thumb/v7-m\libc_nano.a(lib_a-memset.o)
 .ARM.attributes
                0x000000000000038f       0x1d d:/st/stm32cubeide_1.2.0/stm32cubeide/plugins/com.st.stm32cube.ide.mcu.externaltools.gnu-tools-for-stm32.7-2018-q2-update.win32_1.0.0.201904181610/tools/bin/../lib/gcc/arm-none-eabi/7.3.1/thumb/v7-m/crtn.o
OUTPUT(uart_dome.elf elf32-littlearm)

.debug_info     0x0000000000000000     0xa9e5
 .debug_info    0x0000000000000000      0xdf5 Core/Src/main.o
 .debug_info    0x0000000000000df5      0xdc0 Core/Src/stm32f1xx_hal_msp.o
 .debug_info    0x0000000000001bb5      0xa30 Core/Src/stm32f1xx_it.o
 .debug_info    0x00000000000025e5      0x433 Core/Src/system_stm32f1xx.o
 .debug_info    0x0000000000002a18       0x22 Core/Startup/startup_stm32f103c8tx.o
 .debug_info    0x0000000000002a3a      0x6fe Drivers/STM32F1xx_HAL_Driver/Src/stm32f1xx_hal.o
 .debug_info    0x0000000000003138      0xb46 Drivers/STM32F1xx_HAL_Driver/Src/stm32f1xx_hal_cortex.o
 .debug_info    0x0000000000003c7e      0x7a6 Drivers/STM32F1xx_HAL_Driver/Src/stm32f1xx_hal_dma.o
 .debug_info    0x0000000000004424      0x681 Drivers/STM32F1xx_HAL_Driver/Src/stm32f1xx_hal_gpio.o
 .debug_info    0x0000000000004aa5      0x804 Drivers/STM32F1xx_HAL_Driver/Src/stm32f1xx_hal_rcc.o
 .debug_info    0x00000000000052a9     0x2456 Drivers/STM32F1xx_HAL_Driver/Src/stm32f1xx_hal_tim.o
 .debug_info    0x00000000000076ff     0x1104 Drivers/STM32F1xx_HAL_Driver/Src/stm32f1xx_hal_tim_ex.o
 .debug_info    0x0000000000008803     0x11e3 Drivers/STM32F1xx_HAL_Driver/Src/stm32f1xx_hal_uart.o
 .debug_info    0x00000000000099e6      0x845 User/Src/key_function.o
 .debug_info    0x000000000000a22b      0x7ba User/Src/uart.o

.debug_abbrev   0x0000000000000000     0x1bb2
 .debug_abbrev  0x0000000000000000      0x24e Core/Src/main.o
 .debug_abbrev  0x000000000000024e      0x1c8 Core/Src/stm32f1xx_hal_msp.o
 .debug_abbrev  0x0000000000000416      0x17c Core/Src/stm32f1xx_it.o
 .debug_abbrev  0x0000000000000592      0x134 Core/Src/system_stm32f1xx.o
 .debug_abbrev  0x00000000000006c6       0x12 Core/Startup/startup_stm32f103c8tx.o
 .debug_abbrev  0x00000000000006d8      0x1d8 Drivers/STM32F1xx_HAL_Driver/Src/stm32f1xx_hal.o
 .debug_abbrev  0x00000000000008b0      0x2d5 Drivers/STM32F1xx_HAL_Driver/Src/stm32f1xx_hal_cortex.o
 .debug_abbrev  0x0000000000000b85      0x1fe Drivers/STM32F1xx_HAL_Driver/Src/stm32f1xx_hal_dma.o
 .debug_abbrev  0x0000000000000d83      0x1c0 Drivers/STM32F1xx_HAL_Driver/Src/stm32f1xx_hal_gpio.o
 .debug_abbrev  0x0000000000000f43      0x243 Drivers/STM32F1xx_HAL_Driver/Src/stm32f1xx_hal_rcc.o
 .debug_abbrev  0x0000000000001186      0x230 Drivers/STM32F1xx_HAL_Driver/Src/stm32f1xx_hal_tim.o
 .debug_abbrev  0x00000000000013b6      0x21e Drivers/STM32F1xx_HAL_Driver/Src/stm32f1xx_hal_tim_ex.o
 .debug_abbrev  0x00000000000015d4      0x242 Drivers/STM32F1xx_HAL_Driver/Src/stm32f1xx_hal_uart.o
 .debug_abbrev  0x0000000000001816      0x1c9 User/Src/key_function.o
 .debug_abbrev  0x00000000000019df      0x1d3 User/Src/uart.o

.debug_aranges  0x0000000000000000      0xbe8
 .debug_aranges
                0x0000000000000000       0x50 Core/Src/main.o
 .debug_aranges
                0x0000000000000050       0x40 Core/Src/stm32f1xx_hal_msp.o
 .debug_aranges
                0x0000000000000090       0x70 Core/Src/stm32f1xx_it.o
 .debug_aranges
                0x0000000000000100       0x28 Core/Src/system_stm32f1xx.o
 .debug_aranges
                0x0000000000000128       0x28 Core/Startup/startup_stm32f103c8tx.o
 .debug_aranges
                0x0000000000000150       0xe0 Drivers/STM32F1xx_HAL_Driver/Src/stm32f1xx_hal.o
 .debug_aranges
                0x0000000000000230      0x100 Drivers/STM32F1xx_HAL_Driver/Src/stm32f1xx_hal_cortex.o
 .debug_aranges
                0x0000000000000330       0x80 Drivers/STM32F1xx_HAL_Driver/Src/stm32f1xx_hal_dma.o
 .debug_aranges
                0x00000000000003b0       0x58 Drivers/STM32F1xx_HAL_Driver/Src/stm32f1xx_hal_gpio.o
 .debug_aranges
                0x0000000000000408       0x90 Drivers/STM32F1xx_HAL_Driver/Src/stm32f1xx_hal_rcc.o
 .debug_aranges
                0x0000000000000498      0x3a8 Drivers/STM32F1xx_HAL_Driver/Src/stm32f1xx_hal_tim.o
 .debug_aranges
                0x0000000000000840      0x150 Drivers/STM32F1xx_HAL_Driver/Src/stm32f1xx_hal_tim_ex.o
 .debug_aranges
                0x0000000000000990      0x1d0 Drivers/STM32F1xx_HAL_Driver/Src/stm32f1xx_hal_uart.o
 .debug_aranges
                0x0000000000000b60       0x48 User/Src/key_function.o
 .debug_aranges
                0x0000000000000ba8       0x40 User/Src/uart.o

.debug_ranges   0x0000000000000000      0xb00
 .debug_ranges  0x0000000000000000       0x40 Core/Src/main.o
 .debug_ranges  0x0000000000000040       0x30 Core/Src/stm32f1xx_hal_msp.o
 .debug_ranges  0x0000000000000070       0x60 Core/Src/stm32f1xx_it.o
 .debug_ranges  0x00000000000000d0       0x18 Core/Src/system_stm32f1xx.o
 .debug_ranges  0x00000000000000e8       0x20 Core/Startup/startup_stm32f103c8tx.o
 .debug_ranges  0x0000000000000108       0xd0 Drivers/STM32F1xx_HAL_Driver/Src/stm32f1xx_hal.o
 .debug_ranges  0x00000000000001d8       0xf0 Drivers/STM32F1xx_HAL_Driver/Src/stm32f1xx_hal_cortex.o
 .debug_ranges  0x00000000000002c8       0x70 Drivers/STM32F1xx_HAL_Driver/Src/stm32f1xx_hal_dma.o
 .debug_ranges  0x0000000000000338       0x48 Drivers/STM32F1xx_HAL_Driver/Src/stm32f1xx_hal_gpio.o
 .debug_ranges  0x0000000000000380       0x80 Drivers/STM32F1xx_HAL_Driver/Src/stm32f1xx_hal_rcc.o
 .debug_ranges  0x0000000000000400      0x398 Drivers/STM32F1xx_HAL_Driver/Src/stm32f1xx_hal_tim.o
 .debug_ranges  0x0000000000000798      0x140 Drivers/STM32F1xx_HAL_Driver/Src/stm32f1xx_hal_tim_ex.o
 .debug_ranges  0x00000000000008d8      0x1c0 Drivers/STM32F1xx_HAL_Driver/Src/stm32f1xx_hal_uart.o
 .debug_ranges  0x0000000000000a98       0x38 User/Src/key_function.o
 .debug_ranges  0x0000000000000ad0       0x30 User/Src/uart.o

.debug_macro    0x0000000000000000    0x13b0c
 .debug_macro   0x0000000000000000      0x1c5 Core/Src/main.o
 .debug_macro   0x00000000000001c5      0xa5a Core/Src/main.o
 .debug_macro   0x0000000000000c1f      0x21b Core/Src/main.o
 .debug_macro   0x0000000000000e3a       0x2e Core/Src/main.o
 .debug_macro   0x0000000000000e68       0x22 Core/Src/main.o
 .debug_macro   0x0000000000000e8a       0x22 Core/Src/main.o
 .debug_macro   0x0000000000000eac       0x8e Core/Src/main.o
 .debug_macro   0x0000000000000f3a       0x51 Core/Src/main.o
 .debug_macro   0x0000000000000f8b       0xef Core/Src/main.o
 .debug_macro   0x000000000000107a       0x6a Core/Src/main.o
 .debug_macro   0x00000000000010e4      0x1df Core/Src/main.o
 .debug_macro   0x00000000000012c3       0x1c Core/Src/main.o
 .debug_macro   0x00000000000012df       0x22 Core/Src/main.o
 .debug_macro   0x0000000000001301       0xc3 Core/Src/main.o
 .debug_macro   0x00000000000013c4      0xd23 Core/Src/main.o
 .debug_macro   0x00000000000020e7     0xe09e Core/Src/main.o
 .debug_macro   0x0000000000010185       0x43 Core/Src/main.o
 .debug_macro   0x00000000000101c8      0x174 Core/Src/main.o
 .debug_macro   0x000000000001033c       0x5a Core/Src/main.o
 .debug_macro   0x0000000000010396      0x5be Core/Src/main.o
 .debug_macro   0x0000000000010954      0x289 Core/Src/main.o
 .debug_macro   0x0000000000010bdd      0x1cb Core/Src/main.o
 .debug_macro   0x0000000000010da8      0x114 Core/Src/main.o
 .debug_macro   0x0000000000010ebc      0x1b2 Core/Src/main.o
 .debug_macro   0x000000000001106e       0x27 Core/Src/main.o
 .debug_macro   0x0000000000011095      0x136 Core/Src/main.o
 .debug_macro   0x00000000000111cb      0x1bc Core/Src/main.o
 .debug_macro   0x0000000000011387       0x34 Core/Src/main.o
 .debug_macro   0x00000000000113bb       0x3c Core/Src/main.o
 .debug_macro   0x00000000000113f7       0x57 Core/Src/main.o
 .debug_macro   0x000000000001144e       0x88 Core/Src/main.o
 .debug_macro   0x00000000000114d6      0x241 Core/Src/main.o
 .debug_macro   0x0000000000011717      0x141 Core/Src/main.o
 .debug_macro   0x0000000000011858      0x88b Core/Src/main.o
 .debug_macro   0x00000000000120e3      0x26b Core/Src/main.o
 .debug_macro   0x000000000001234e       0x83 Core/Src/main.o
 .debug_macro   0x00000000000123d1       0x16 Core/Src/main.o
 .debug_macro   0x00000000000123e7       0x28 Core/Src/main.o
 .debug_macro   0x000000000001240f       0x64 Core/Src/main.o
 .debug_macro   0x0000000000012473      0x1c5 Core/Src/stm32f1xx_hal_msp.o
 .debug_macro   0x0000000000012638      0x1cf Core/Src/stm32f1xx_it.o
 .debug_macro   0x0000000000012807      0x1a0 Core/Src/system_stm32f1xx.o
 .debug_macro   0x00000000000129a7      0x1be Drivers/STM32F1xx_HAL_Driver/Src/stm32f1xx_hal.o
 .debug_macro   0x0000000000012b65      0x19a Drivers/STM32F1xx_HAL_Driver/Src/stm32f1xx_hal_cortex.o
 .debug_macro   0x0000000000012cff      0x19a Drivers/STM32F1xx_HAL_Driver/Src/stm32f1xx_hal_dma.o
 .debug_macro   0x0000000000012e99      0x205 Drivers/STM32F1xx_HAL_Driver/Src/stm32f1xx_hal_gpio.o
 .debug_macro   0x000000000001309e      0x1ac Drivers/STM32F1xx_HAL_Driver/Src/stm32f1xx_hal_rcc.o
 .debug_macro   0x000000000001324a      0x19b Drivers/STM32F1xx_HAL_Driver/Src/stm32f1xx_hal_tim.o
 .debug_macro   0x00000000000133e5      0x19a Drivers/STM32F1xx_HAL_Driver/Src/stm32f1xx_hal_tim_ex.o
 .debug_macro   0x000000000001357f      0x19b Drivers/STM32F1xx_HAL_Driver/Src/stm32f1xx_hal_uart.o
 .debug_macro   0x000000000001371a      0x20b User/Src/key_function.o
 .debug_macro   0x0000000000013925       0x22 User/Src/key_function.o
 .debug_macro   0x0000000000013947      0x1c5 User/Src/uart.o

.debug_line     0x0000000000000000     0x8966
 .debug_line    0x0000000000000000      0x73e Core/Src/main.o
 .debug_line    0x000000000000073e      0x6f4 Core/Src/stm32f1xx_hal_msp.o
 .debug_line    0x0000000000000e32      0x75e Core/Src/stm32f1xx_it.o
 .debug_line    0x0000000000001590      0x667 Core/Src/system_stm32f1xx.o
 .debug_line    0x0000000000001bf7       0x84 Core/Startup/startup_stm32f103c8tx.o
 .debug_line    0x0000000000001c7b      0x80f Drivers/STM32F1xx_HAL_Driver/Src/stm32f1xx_hal.o
 .debug_line    0x000000000000248a      0x8e8 Drivers/STM32F1xx_HAL_Driver/Src/stm32f1xx_hal_cortex.o
 .debug_line    0x0000000000002d72      0xa76 Drivers/STM32F1xx_HAL_Driver/Src/stm32f1xx_hal_dma.o
 .debug_line    0x00000000000037e8      0x80f Drivers/STM32F1xx_HAL_Driver/Src/stm32f1xx_hal_gpio.o
 .debug_line    0x0000000000003ff7      0x8d1 Drivers/STM32F1xx_HAL_Driver/Src/stm32f1xx_hal_rcc.o
 .debug_line    0x00000000000048c8     0x16d5 Drivers/STM32F1xx_HAL_Driver/Src/stm32f1xx_hal_tim.o
 .debug_line    0x0000000000005f9d      0xc22 Drivers/STM32F1xx_HAL_Driver/Src/stm32f1xx_hal_tim_ex.o
 .debug_line    0x0000000000006bbf      0xf1a Drivers/STM32F1xx_HAL_Driver/Src/stm32f1xx_hal_uart.o
 .debug_line    0x0000000000007ad9      0x7a3 User/Src/key_function.o
 .debug_line    0x000000000000827c      0x6ea User/Src/uart.o

.debug_str      0x0000000000000000    0x6dd96
 .debug_str     0x0000000000000000    0x6b0bd Core/Src/main.o
                                      0x6b3e7 (size before relaxing)
 .debug_str     0x000000000006b0bd      0x31e Core/Src/stm32f1xx_hal_msp.o
                                      0x6b4e5 (size before relaxing)
 .debug_str     0x000000000006b3db       0xdf Core/Src/stm32f1xx_it.o
                                      0x6b1b2 (size before relaxing)
 .debug_str     0x000000000006b4ba       0xc2 Core/Src/system_stm32f1xx.o
                                      0x6a9bb (size before relaxing)
 .debug_str     0x000000000006b57c       0x36 Core/Startup/startup_stm32f103c8tx.o
                                         0x77 (size before relaxing)
 .debug_str     0x000000000006b5b2      0x3c5 Drivers/STM32F1xx_HAL_Driver/Src/stm32f1xx_hal.o
                                      0x6afcc (size before relaxing)
 .debug_str     0x000000000006b977      0x2c8 Drivers/STM32F1xx_HAL_Driver/Src/stm32f1xx_hal_cortex.o
                                      0x6afda (size before relaxing)
 .debug_str     0x000000000006bc3f      0x23f Drivers/STM32F1xx_HAL_Driver/Src/stm32f1xx_hal_dma.o
                                      0x6ad1c (size before relaxing)
 .debug_str     0x000000000006be7e      0x31f Drivers/STM32F1xx_HAL_Driver/Src/stm32f1xx_hal_gpio.o
                                      0x6ad05 (size before relaxing)
 .debug_str     0x000000000006c19d      0x263 Drivers/STM32F1xx_HAL_Driver/Src/stm32f1xx_hal_rcc.o
                                      0x6ad3e (size before relaxing)
 .debug_str     0x000000000006c400      0xd5f Drivers/STM32F1xx_HAL_Driver/Src/stm32f1xx_hal_tim.o
                                      0x6bb09 (size before relaxing)
 .debug_str     0x000000000006d15f      0x52f Drivers/STM32F1xx_HAL_Driver/Src/stm32f1xx_hal_tim_ex.o
                                      0x6b309 (size before relaxing)
 .debug_str     0x000000000006d68e      0x516 Drivers/STM32F1xx_HAL_Driver/Src/stm32f1xx_hal_uart.o
                                      0x6b22d (size before relaxing)
 .debug_str     0x000000000006dba4      0x193 User/Src/key_function.o
                                      0x6b0a7 (size before relaxing)
 .debug_str     0x000000000006dd37       0x5f User/Src/uart.o
                                      0x6af74 (size before relaxing)

.comment        0x0000000000000000       0x7b
 .comment       0x0000000000000000       0x7b Core/Src/main.o
                                         0x7c (size before relaxing)
 .comment       0x000000000000007b       0x7c Core/Src/stm32f1xx_hal_msp.o
 .comment       0x000000000000007b       0x7c Core/Src/stm32f1xx_it.o
 .comment       0x000000000000007b       0x7c Core/Src/system_stm32f1xx.o
 .comment       0x000000000000007b       0x7c Drivers/STM32F1xx_HAL_Driver/Src/stm32f1xx_hal.o
 .comment       0x000000000000007b       0x7c Drivers/STM32F1xx_HAL_Driver/Src/stm32f1xx_hal_cortex.o
 .comment       0x000000000000007b       0x7c Drivers/STM32F1xx_HAL_Driver/Src/stm32f1xx_hal_dma.o
 .comment       0x000000000000007b       0x7c Drivers/STM32F1xx_HAL_Driver/Src/stm32f1xx_hal_gpio.o
 .comment       0x000000000000007b       0x7c Drivers/STM32F1xx_HAL_Driver/Src/stm32f1xx_hal_rcc.o
 .comment       0x000000000000007b       0x7c Drivers/STM32F1xx_HAL_Driver/Src/stm32f1xx_hal_tim.o
 .comment       0x000000000000007b       0x7c Drivers/STM32F1xx_HAL_Driver/Src/stm32f1xx_hal_tim_ex.o
 .comment       0x000000000000007b       0x7c Drivers/STM32F1xx_HAL_Driver/Src/stm32f1xx_hal_uart.o
 .comment       0x000000000000007b       0x7c User/Src/key_function.o
 .comment       0x000000000000007b       0x7c User/Src/uart.o

.debug_frame    0x0000000000000000     0x30cc
 .debug_frame   0x0000000000000000       0xf8 Core/Src/main.o
 .debug_frame   0x00000000000000f8       0xc8 Core/Src/stm32f1xx_hal_msp.o
 .debug_frame   0x00000000000001c0      0x144 Core/Src/stm32f1xx_it.o
 .debug_frame   0x0000000000000304       0x58 Core/Src/system_stm32f1xx.o
 .debug_frame   0x000000000000035c      0x334 Drivers/STM32F1xx_HAL_Driver/Src/stm32f1xx_hal.o
 .debug_frame   0x0000000000000690      0x428 Drivers/STM32F1xx_HAL_Driver/Src/stm32f1xx_hal_cortex.o
 .debug_frame   0x0000000000000ab8      0x208 Drivers/STM32F1xx_HAL_Driver/Src/stm32f1xx_hal_dma.o
 .debug_frame   0x0000000000000cc0      0x14c Drivers/STM32F1xx_HAL_Driver/Src/stm32f1xx_hal_gpio.o
 .debug_frame   0x0000000000000e0c      0x21c Drivers/STM32F1xx_HAL_Driver/Src/stm32f1xx_hal_rcc.o
 .debug_frame   0x0000000000001028     0x10e8 Drivers/STM32F1xx_HAL_Driver/Src/stm32f1xx_hal_tim.o
 .debug_frame   0x0000000000002110      0x5c0 Drivers/STM32F1xx_HAL_Driver/Src/stm32f1xx_hal_tim_ex.o
 .debug_frame   0x00000000000026d0      0x834 Drivers/STM32F1xx_HAL_Driver/Src/stm32f1xx_hal_uart.o
 .debug_frame   0x0000000000002f04       0xc8 User/Src/key_function.o
 .debug_frame   0x0000000000002fcc       0xb4 User/Src/uart.o
 .debug_frame   0x0000000000003080       0x2c d:/st/stm32cubeide_1.2.0/stm32cubeide/plugins/com.st.stm32cube.ide.mcu.externaltools.gnu-tools-for-stm32.7-2018-q2-update.win32_1.0.0.201904181610/tools/bin/../lib/gcc/arm-none-eabi/7.3.1/../../../../arm-none-eabi/lib/thumb/v7-m\libc_nano.a(lib_a-init.o)
 .debug_frame   0x00000000000030ac       0x20 d:/st/stm32cubeide_1.2.0/stm32cubeide/plugins/com.st.stm32cube.ide.mcu.externaltools.gnu-tools-for-stm32.7-2018-q2-update.win32_1.0.0.201904181610/tools/bin/../lib/gcc/arm-none-eabi/7.3.1/../../../../arm-none-eabi/lib/thumb/v7-m\libc_nano.a(lib_a-memset.o)
